  console.log
    Serveur d├®marr├® sur http://localhost:3000

      at Server.log (server.js:59:13)

node.exe : FAIL 
tests/api.test.js
Au caractère Ligne:1 : 1
+ & "C:\Program 
Files\nodejs/node.exe" 
"C:\Program 
Files\nodejs/node_mo ...
+ ~~~~~~~~~~~~~~~~~~~~~~~~~~
~~~~~~~~~~~~~~~~~~~~~~~~~~~~
~~~~~~~~~~~~~~~
    + CategoryInfo          
    : NotSpecified: (FAIL   
  tests/api.test.js:Strin   
 g) [], RemoteException
    + FullyQualifiedErrorId 
    : NativeCommandError
 


  ÔùÅ Test suite failed to 
run

    Test functions cannot 
both take a 'done' callback 
and return something. 
Either use a 'done' 
callback, or return a 
promise.
        Returned value: 
Server {
    "_connectionKey": 
"6::::3000",
    "_connections": 0,
    "_events": Object {
      "connection": 
[Function 
connectionListener],
      "listening": 
[Function 
setupConnectionsTracking],
      "request": [Function 
app],
    },
    "_eventsCount": 3,
    "_handle": null,
    "_listeningId": 3,
    "_maxListeners": 
undefined,
    "_unref": false,
    "_usingWorkers": false,
    "_workers": Array [],
    "allowHalfOpen": true,
    "connectionsCheckingInte
rval": 30000,
    "headersTimeout": 60000,
    "highWaterMark": 16384,
    "httpAllowHalfOpen": 
false,
    "insecureHTTPParser": 
undefined,
    "joinDuplicateHeaders": 
undefined,
    "keepAlive": false,
    
"keepAliveInitialDelay": 0,
    "keepAliveTimeout": 
5000,
    
"keepAliveTimeoutBuffer": 
1000,
    "maxHeaderSize": 
undefined,
    "maxHeadersCount": null,
    "maxRequestsPerSocket": 
0,
    "noDelay": true,
    "pauseOnConnect": false,
    "rejectNonStandardBodyWr
ites": false,
    "requestTimeout": 
300000,
    "requireHostHeader": 
true,
    "timeout": 0,
    
Symbol(IncomingMessage): 
[Function IncomingMessage],
    Symbol(ServerResponse): 
[Function ServerResponse],
    Symbol(shapeMode): 
false,
    Symbol(kCapture): false,
    
Symbol(async_id_symbol): 54,
    Symbol(kUniqueHeaders): 
null,
    Symbol(http.server.conne
ctions): ConnectionsList {},
    Symbol(http.server.conne
ctionsCheckingInterval): 
Timeout {
      "_destroyed": true,
      "_idleNext": null,
      "_idlePrev": null,
      "_idleStart": 1253,
      "_idleTimeout": -1,
      "_onTimeout": null,
      "_repeat": 30000,
      "_timerArgs": 
undefined,
      Symbol(refed): false,
      
Symbol(kHasPrimitive): 
false,
      Symbol(asyncId): 64,
      Symbol(triggerId): 55,
      
Symbol(kAsyncContextFrame): 
undefined,
    },
    }

    [0m [90m 2 |[39m 
[36mconst[39m { 
app[33m,[39m 
server[33m,[39m 
tasksModule } [33m=[39m re
quire([32m'../server'[39m)
[33m;[39m
     [90m 3 |[39m
    
[31m[1m>[22m[39m[90m 4 
|[39m afterAll((done) 
[33m=>[39m server[33m.[3
9mclose(done))[33m;[39m
     [90m   |[39m 
[31m[1m^[22m[39m
     [90m 5 |[39m
     [90m 6 |[39m 
beforeEach(() [33m=>[39m {
     [90m 7 |[39m     task
sModule[33m.[39mresetTasks
()[33m;[39m [90m// 
r├®initialiser les t├óches 
avant chaque test[39m[0m

      at Object.afterAll 
(tests/api.test.js:4:1)

Test Suites: 1 failed, 1 
total
Tests:       10 passed, 10 
total
Snapshots:   0 total
Time:        0.98 s, 
estimated 1 s
Ran all test suites.
Force exiting Jest: Have 
you considered using 
`--detectOpenHandles` to 
detect async operations 
that kept running after all 
tests finished?
